2025-01-18 16:24:37,533 - instance_runner - INFO - parser domain and problem
2025-01-18 16:24:37,533 - instance_runner - INFO - .\new_syntax\number\domain01.pddl
2025-01-18 16:24:37,533 - instance_runner - INFO - .\new_syntax\number\problem204.pddl
2025-01-18 16:24:37,533 - pddl_parser - INFO - Reading domain file
2025-01-18 16:24:37,533 - pddl_parser - INFO - .\new_syntax\number\domain01.pddl
2025-01-18 16:24:37,533 - pddl_parser - INFO - Parsing domain file
2025-01-18 16:24:37,533 - pddl_parser - INFO - Reading problem file
2025-01-18 16:24:37,533 - pddl_parser - INFO - .\new_syntax\number\problem204.pddl
2025-01-18 16:24:37,533 - pddl_parser - INFO - Parsing problem file
2025-01-18 16:24:37,533 - instance_runner - INFO - loading external function: .\new_syntax\number\number01.py
2025-01-18 16:24:37,855 - instance_runner - INFO - finish loading external function
2025-01-18 16:24:37,855 - instance_runner - INFO - Initialize problem
2025-01-18 16:24:37,855 - epistemic_model - INFO - initialize epistemic model
2025-01-18 16:24:37,855 - instance_runner - INFO - starting search
2025-01-18 16:24:37,855 - bfs - INFO - starting searching using [bfs]
2025-01-18 16:24:37,902 - bfs - INFO - plan is: ['single_peek a', 'return a', 'single_peek a', 'return a', 'single_peek b', 'return b', 'single_peek b', 'return b']
2025-01-18 16:24:37,902 - bfs - INFO - Goal found
2025-01-18 16:24:37,902 - bfs - INFO - [number of node pruned_by_unknown]: 0
2025-01-18 16:24:37,902 - bfs - INFO - [number of node pruned_by_visited]: 0
2025-01-18 16:24:37,902 - bfs - INFO - [number of node pruned]: 0
2025-01-18 16:24:37,902 - bfs - INFO - [number of node goal_checked]: 67
2025-01-18 16:24:37,902 - bfs - INFO - [number of node expansion]: 48
2025-01-18 16:24:37,902 - bfs - INFO - [number of node generated]: 67
2025-01-18 16:24:37,902 - bfs - INFO - [number of epistemic formulas evaluation: 67]
2025-01-18 16:24:37,902 - bfs - INFO - [time in epistemic formulas evaluation: 0:00:00.047286]
2025-01-18 16:24:37,902 - bfs - INFO - [avg time in epistemic formulas evaluation: 0.7057611940298507]
2025-01-18 16:24:37,902 - bfs - INFO - [total_goal_size: 2]
2025-01-18 16:24:37,902 - bfs - INFO - [ontic_goal_size: 0]
2025-01-18 16:24:37,902 - bfs - INFO - [epistemic_goal_size: 2]
2025-01-18 16:24:37,902 - bfs - INFO - [ontic_goals: []]
2025-01-18 16:24:37,902 - bfs - INFO - [epistemic_goals: ['(= (@ep ("+ b [a] + b [b]") (= (num c) 17)) ep.true)', '(= (@ep ("+ b [b] + b [a]") (= (num c) 17)) ep.true)']]
2025-01-18 16:24:37,902 - bfs - INFO - [goals: ['(= (@ep ("+ b [a] + b [b]") (= (num c) 17)) ep.true)', '(= (@ep ("+ b [b] + b [a]") (= (num c) 17)) ep.true)']]
2025-01-18 16:24:37,902 - bfs - INFO - [epistemic_call_time_max: 16.131]
2025-01-18 16:24:37,902 - bfs - INFO - [functions: 3]
2025-01-18 16:24:37,902 - bfs - INFO - [prediction time: 0.047286033630371094]
2025-01-18 16:24:37,902 - bfs - INFO - [segment count: 268]
2025-01-18 16:24:37,902 - bfs - INFO - [number of common perspective generated]: 0
2025-01-18 16:24:37,902 - bfs - INFO - [number of all iterations used when generating common perspectives]: 0
2025-01-18 16:24:37,902 - bfs - INFO - [number of max iterations used when generating common perspectives]: 0
2025-01-18 16:24:37,902 - bfs - INFO - [number of average iterations used when generating common perspectives]: 0
2025-01-18 16:24:37,902 - bfs - INFO - [number of averaged unfiltered branching factors]: 1.375
2025-01-18 16:24:37,902 - bfs - INFO - [number of max unfiltered branching factors]: 2
2025-01-18 16:24:37,902 - instance_runner - INFO - initialization time: 0:00:00.322288
2025-01-18 16:24:37,902 - instance_runner - INFO - search time: 0:00:00.047286
