2025-01-18 16:31:40,019 - instance_runner - INFO - parser domain and problem
2025-01-18 16:31:40,019 - instance_runner - INFO - .\new_syntax\grapevine\domain01.pddl
2025-01-18 16:31:40,019 - instance_runner - INFO - .\new_syntax\grapevine\problem200.pddl
2025-01-18 16:31:40,019 - pddl_parser - INFO - Reading domain file
2025-01-18 16:31:40,019 - pddl_parser - INFO - .\new_syntax\grapevine\domain01.pddl
2025-01-18 16:31:40,019 - pddl_parser - INFO - Parsing domain file
2025-01-18 16:31:40,019 - pddl_parser - INFO - Reading problem file
2025-01-18 16:31:40,019 - pddl_parser - INFO - .\new_syntax\grapevine\problem200.pddl
2025-01-18 16:31:40,019 - pddl_parser - INFO - Parsing problem file
2025-01-18 16:31:40,019 - instance_runner - INFO - loading external function: .\new_syntax\grapevine\grapevine01.py
2025-01-18 16:31:40,035 - instance_runner - INFO - finish loading external function
2025-01-18 16:31:40,035 - instance_runner - INFO - Initialize problem
2025-01-18 16:31:40,036 - epistemic_model - INFO - initialize epistemic model
2025-01-18 16:31:40,036 - instance_runner - INFO - starting search
2025-01-18 16:31:40,036 - bfs - INFO - starting searching using [bfs]
2025-01-18 16:31:40,060 - bfs - INFO - plan is: ['sharing_own_secret a sa']
2025-01-18 16:31:40,060 - bfs - INFO - Goal found
2025-01-18 16:31:40,060 - bfs - INFO - [number of node pruned_by_unknown]: 0
2025-01-18 16:31:40,060 - bfs - INFO - [number of node pruned_by_visited]: 0
2025-01-18 16:31:40,060 - bfs - INFO - [number of node pruned]: 0
2025-01-18 16:31:40,060 - bfs - INFO - [number of node goal_checked]: 40
2025-01-18 16:31:40,060 - bfs - INFO - [number of node expansion]: 7
2025-01-18 16:31:40,060 - bfs - INFO - [number of node generated]: 40
2025-01-18 16:31:40,060 - bfs - INFO - [number of epistemic formulas evaluation: 44]
2025-01-18 16:31:40,060 - bfs - INFO - [time in epistemic formulas evaluation: 0:00:00.021754]
2025-01-18 16:31:40,060 - bfs - INFO - [avg time in epistemic formulas evaluation: 0.49440909090909085]
2025-01-18 16:31:40,060 - bfs - INFO - [total_goal_size: 2]
2025-01-18 16:31:40,060 - bfs - INFO - [ontic_goal_size: 0]
2025-01-18 16:31:40,060 - bfs - INFO - [epistemic_goal_size: 2]
2025-01-18 16:31:40,060 - bfs - INFO - [ontic_goals: []]
2025-01-18 16:31:40,060 - bfs - INFO - [epistemic_goals: ['(= (@ep ("+ b [b]") (= (shared_value sa) 3)) ep.true)', '(= (@ep ("+ b [a]") (= (shared_value sa) 3)) ep.true)']]
2025-01-18 16:31:40,060 - bfs - INFO - [goals: ['(= (@ep ("+ b [b]") (= (shared_value sa) 3)) ep.true)', '(= (@ep ("+ b [a]") (= (shared_value sa) 3)) ep.true)']]
2025-01-18 16:31:40,060 - bfs - INFO - [epistemic_call_time_max: 5.055]
2025-01-18 16:31:40,060 - bfs - INFO - [functions: 25]
2025-01-18 16:31:40,060 - bfs - INFO - [prediction time: 0.0196073055267334]
2025-01-18 16:31:40,060 - bfs - INFO - [segment count: 282]
2025-01-18 16:31:40,060 - bfs - INFO - [number of common perspective generated]: 0
2025-01-18 16:31:40,060 - bfs - INFO - [number of all iterations used when generating common perspectives]: 0
2025-01-18 16:31:40,060 - bfs - INFO - [number of max iterations used when generating common perspectives]: 0
2025-01-18 16:31:40,060 - bfs - INFO - [number of average iterations used when generating common perspectives]: 0
2025-01-18 16:31:40,061 - bfs - INFO - [number of averaged unfiltered branching factors]: 5.571428571428571
2025-01-18 16:31:40,061 - bfs - INFO - [number of max unfiltered branching factors]: 9
2025-01-18 16:31:40,061 - instance_runner - INFO - initialization time: 0:00:00.016533
2025-01-18 16:31:40,061 - instance_runner - INFO - search time: 0:00:00.025314
