2025-01-18 16:24:21,323 - instance_runner - INFO - parser domain and problem
2025-01-18 16:24:21,323 - instance_runner - INFO - .\new_syntax\number\domain01.pddl
2025-01-18 16:24:21,323 - instance_runner - INFO - .\new_syntax\number\problem103.pddl
2025-01-18 16:24:21,323 - pddl_parser - INFO - Reading domain file
2025-01-18 16:24:21,323 - pddl_parser - INFO - .\new_syntax\number\domain01.pddl
2025-01-18 16:24:21,323 - pddl_parser - INFO - Parsing domain file
2025-01-18 16:24:21,324 - pddl_parser - INFO - Reading problem file
2025-01-18 16:24:21,324 - pddl_parser - INFO - .\new_syntax\number\problem103.pddl
2025-01-18 16:24:21,325 - pddl_parser - INFO - Parsing problem file
2025-01-18 16:24:21,326 - instance_runner - INFO - loading external function: .\new_syntax\number\number01.py
2025-01-18 16:24:21,620 - instance_runner - INFO - finish loading external function
2025-01-18 16:24:21,620 - instance_runner - INFO - Initialize problem
2025-01-18 16:24:21,620 - epistemic_model - INFO - initialize epistemic model
2025-01-18 16:24:21,620 - instance_runner - INFO - starting search
2025-01-18 16:24:21,620 - bfs - INFO - starting searching using [bfs]
2025-01-18 16:24:21,635 - bfs - INFO - plan is: ['single_peek a', 'return a', 'single_peek a', 'return a']
2025-01-18 16:24:21,635 - bfs - INFO - Goal found
2025-01-18 16:24:21,635 - bfs - INFO - [number of node pruned_by_unknown]: 0
2025-01-18 16:24:21,635 - bfs - INFO - [number of node pruned_by_visited]: 0
2025-01-18 16:24:21,635 - bfs - INFO - [number of node pruned]: 0
2025-01-18 16:24:21,635 - bfs - INFO - [number of node goal_checked]: 13
2025-01-18 16:24:21,635 - bfs - INFO - [number of node expansion]: 9
2025-01-18 16:24:21,635 - bfs - INFO - [number of node generated]: 13
2025-01-18 16:24:21,635 - bfs - INFO - [number of epistemic formulas evaluation: 13]
2025-01-18 16:24:21,635 - bfs - INFO - [time in epistemic formulas evaluation: 0:00:00.015136]
2025-01-18 16:24:21,635 - bfs - INFO - [avg time in epistemic formulas evaluation: 1.1643076923076925]
2025-01-18 16:24:21,635 - bfs - INFO - [total_goal_size: 1]
2025-01-18 16:24:21,635 - bfs - INFO - [ontic_goal_size: 0]
2025-01-18 16:24:21,635 - bfs - INFO - [epistemic_goal_size: 1]
2025-01-18 16:24:21,635 - bfs - INFO - [ontic_goals: []]
2025-01-18 16:24:21,635 - bfs - INFO - [epistemic_goals: ['(= (@ep ("+ b [a]") (= (num c) 9)) ep.true)']]
2025-01-18 16:24:21,635 - bfs - INFO - [goals: ['(= (@ep ("+ b [a]") (= (num c) 9)) ep.true)']]
2025-01-18 16:24:21,635 - bfs - INFO - [epistemic_call_time_max: 15.136000000000001]
2025-01-18 16:24:21,635 - bfs - INFO - [functions: 3]
2025-01-18 16:24:21,635 - bfs - INFO - [prediction time: 0.015135049819946289]
2025-01-18 16:24:21,635 - bfs - INFO - [segment count: 13]
2025-01-18 16:24:21,635 - bfs - INFO - [number of common perspective generated]: 0
2025-01-18 16:24:21,635 - bfs - INFO - [number of all iterations used when generating common perspectives]: 0
2025-01-18 16:24:21,635 - bfs - INFO - [number of max iterations used when generating common perspectives]: 0
2025-01-18 16:24:21,635 - bfs - INFO - [number of average iterations used when generating common perspectives]: 0
2025-01-18 16:24:21,635 - bfs - INFO - [number of averaged unfiltered branching factors]: 1.3333333333333333
2025-01-18 16:24:21,635 - bfs - INFO - [number of max unfiltered branching factors]: 2
2025-01-18 16:24:21,635 - instance_runner - INFO - initialization time: 0:00:00.298187
2025-01-18 16:24:21,635 - instance_runner - INFO - search time: 0:00:00.015136
